2026.04.11 01:50:28 WARN  Using H2 2.4.240 which is newer than the version Flyway has been verified with. The latest verified version of H2 is 2.3.232.
2026.04.11 01:50:28 INFO  no build target found for C:\Parson\frontend\test.scala. Using presentation compiler with project's scala-library version: 3.3.7
Apr 11, 2026 1:50:31 AM org.eclipse.lsp4j.jsonrpc.RemoteEndpoint handleCancellation
WARNING: Unmatched cancel notification for request id 2
2026.04.11 01:50:31 INFO  no build target found for C:\Parson\frontend\test.scala. Using presentation compiler with project's scala-library version: 3.3.7
Apr 11, 2026 1:50:31 AM org.eclipse.lsp4j.jsonrpc.RemoteEndpoint handleCancellation
WARNING: Unmatched cancel notification for request id 6
2026.04.11 01:50:31 INFO  no build target found for C:\Parson\frontend\test.scala. Using presentation compiler with project's scala-library version: 3.3.7
2026.04.11 01:50:31 INFO  no build target found for C:\Parson\frontend\test.scala. Using presentation compiler with project's scala-library version: 3.3.7
2026.04.11 01:50:31 INFO  no build target found for C:\Parson\frontend\test.scala. Using presentation compiler with project's scala-library version: 3.3.7
2026.04.11 01:50:32 INFO  no build target found for C:\Parson\frontend\test.scala. Using presentation compiler with project's scala-library version: 3.3.7
Apr 11, 2026 1:50:32 AM org.eclipse.lsp4j.jsonrpc.RemoteEndpoint handleCancellation
WARNING: Unmatched cancel notification for request id 13
2026.04.11 01:50:31 INFO  no build target found for C:\Parson\frontend\test.scala. Using presentation compiler with project's scala-library version: 3.3.7
2026.04.11 01:50:31 INFO  no build target found for C:\Parson\frontend\test.scala. Using presentation compiler with project's scala-library version: 3.3.7
2026.04.11 01:50:31 INFO  no build target found for C:\Parson\frontend\test.scala. Using presentation compiler with project's scala-library version: 3.3.7
2026.04.11 01:50:31 INFO  no build target found for C:\Parson\frontend\test.scala. Using presentation compiler with project's scala-library version: 3.3.7
2026.04.11 01:50:31 INFO  no build target found for C:\Parson\frontend\test.scala. Using presentation compiler with project's scala-library version: 3.3.7
Apr 11, 2026 1:50:32 AM org.eclipse.lsp4j.jsonrpc.RemoteEndpoint handleCancellation
WARNING: Unmatched cancel notification for request id 15
Apr 11, 2026 1:50:32 AM org.eclipse.lsp4j.jsonrpc.RemoteEndpoint handleCancellation
WARNING: Unmatched cancel notification for request id 22
Apr 11, 2026 1:50:32 AM org.eclipse.lsp4j.jsonrpc.RemoteEndpoint handleCancellation
WARNING: Unmatched cancel notification for request id 23
2026.04.11 01:50:31 INFO  no build target found for C:\Parson\frontend\test.scala. Using presentation compiler with project's scala-library version: 3.3.7
2026.04.11 01:50:31 INFO  no build target found for C:\Parson\frontend\test.scala. Using presentation compiler with project's scala-library version: 3.3.7
2026.04.11 01:50:31 INFO  no build target found for C:\Parson\frontend\test.scala. Using presentation compiler with project's scala-library version: 3.3.7
2026.04.11 01:50:31 INFO  no build target found for C:\Parson\frontend\test.scala. Using presentation compiler with project's scala-library version: 3.3.7
2026.04.11 01:50:31 INFO  no build target found for C:\Parson\frontend\test.scala. Using presentation compiler with project's scala-library version: 3.3.7
2026.04.11 01:50:31 INFO  no build target found for C:\Parson\frontend\test.scala. Using presentation compiler with project's scala-library version: 3.3.7
2026.04.11 01:50:31 INFO  no build target found for C:\Parson\frontend\test.scala. Using presentation compiler with project's scala-library version: 3.3.7
2026.04.11 01:50:32 INFO  no build target found for C:\Parson\frontend\test.scala. Using presentation compiler with project's scala-library version: 3.3.7
2026.04.11 01:50:32 INFO  no build target found for C:\Parson\frontend\test.scala. Using presentation compiler with project's scala-library version: 3.3.7
Apr 11, 2026 1:50:33 AM org.eclipse.lsp4j.jsonrpc.RemoteEndpoint handleCancellation
WARNING: Unmatched cancel notification for request id 37
2026.04.11 01:50:32 INFO  no build target found for C:\Parson\frontend\test.scala. Using presentation compiler with project's scala-library version: 3.3.7
2026.04.11 01:50:32 INFO  no build target found for C:\Parson\frontend\test.scala. Using presentation compiler with project's scala-library version: 3.3.7
2026.04.11 01:50:32 INFO  no build target found for C:\Parson\frontend\test.scala. Using presentation compiler with project's scala-library version: 3.3.7
2026.04.11 01:50:32 INFO  no build target found for C:\Parson\frontend\test.scala. Using presentation compiler with project's scala-library version: 3.3.7
2026.04.11 01:50:32 INFO  no build target found for C:\Parson\frontend\test.scala. Using presentation compiler with project's scala-library version: 3.3.7
2026.04.11 01:50:32 INFO  no build target found for C:\Parson\frontend\test.scala. Using presentation compiler with project's scala-library version: 3.3.7
2026.04.11 01:50:32 INFO  no build target found for C:\Parson\frontend\test.scala. Using presentation compiler with project's scala-library version: 3.3.7
2026.04.11 01:50:34 INFO  no build target found for C:\Parson\frontend\test.scala. Using presentation compiler with project's scala-library version: 3.3.7
2026.04.11 01:50:34 INFO  no build target found for C:\Parson\frontend\test.scala. Using presentation compiler with project's scala-library version: 3.3.7
2026.04.11 01:50:34 INFO  no build target found for C:\Parson\frontend\test.scala. Using presentation compiler with project's scala-library version: 3.3.7
2026.04.11 01:50:34 INFO  no build target found for C:\Parson\frontend\test.scala. Using presentation compiler with project's scala-library version: 3.3.7
2026.04.11 01:50:34 INFO  no build target found for C:\Parson\frontend\test.scala. Using presentation compiler with project's scala-library version: 3.3.7
2026.04.11 01:50:34 INFO  no build target found for C:\Parson\frontend\test.scala. Using presentation compiler with project's scala-library version: 3.3.7
2026.04.11 01:50:34 INFO  no build target found for C:\Parson\frontend\test.scala. Using presentation compiler with project's scala-library version: 3.3.7
2026.04.11 01:50:35 INFO  Running List(C:\Users\Asus\AppData\Local\Coursier\data\bin\scala-cli.BAT, setup-ide, C:\Parson)
2026.04.11 01:50:34 INFO  no build target found for C:\Parson\frontend\test.scala. Using presentation compiler with project's scala-library version: 3.3.7
2026.04.11 01:50:34 INFO  no build target found for C:\Parson\frontend\test.scala. Using presentation compiler with project's scala-library version: 3.3.7
2026.04.11 01:50:35 INFO  no build target found for C:\Parson\frontend\test.scala. Using presentation compiler with project's scala-library version: 3.3.7
2026.04.11 01:50:35 INFO  Attempting to connect to the build server...
2026.04.11 01:50:35 INFO  Running BSP server List(C:\Users\Asus\AppData\Local\Coursier\data\bin\.scala-cli.aux.exe, bsp, --json-options, C:\Parson\.scala-build\ide-options-v2.json, --json-launcher-options, C:\Parson\.scala-build\ide-launcher-options.json, --envs-file, C:\Parson\.scala-build\ide-envs.json, C:\Parson)
2026.04.11 01:50:35 INFO  no build target found for C:\Parson\frontend\test.scala. Using presentation compiler with project's scala-library version: 3.3.7
2026.04.11 01:50:35 INFO  no build target found for C:\Parson\frontend\test.scala. Using presentation compiler with project's scala-library version: 3.3.7
2026.04.11 01:50:35 INFO  tracing is disabled for protocol BSP, to enable tracing of incoming and outgoing JSON messages create an empty file at C:\Parson\.metals\bsp.trace.json or C:\Users\Asus\AppData\Local\scalameta\metals\cache\bsp.trace.json
2026.04.11 01:50:35 INFO  no build target found for C:\Parson\frontend\test.scala. Using presentation compiler with project's scala-library version: 3.3.7
2026.04.11 01:50:36 INFO  no build target found for C:\Parson\frontend\test.scala. Using presentation compiler with project's scala-library version: 3.3.7
2026.04.11 01:50:36 INFO  no build target found for C:\Parson\frontend\test.scala. Using presentation compiler with project's scala-library version: 3.3.7
2026.04.11 01:50:36 INFO  no build target found for C:\Parson\frontend\test.scala. Using presentation compiler with project's scala-library version: 3.3.7
2026.04.11 01:50:36 INFO  no build target found for C:\Parson\frontend\test.scala. Using presentation compiler with project's scala-library version: 3.3.7
2026.04.11 01:50:36 INFO  no build target found for C:\Parson\frontend\test.scala. Using presentation compiler with project's scala-library version: 3.3.7
2026.04.11 01:50:36 INFO  no build target found for C:\Parson\frontend\test.scala. Using presentation compiler with project's scala-library version: 3.3.7
2026.04.11 01:50:36 INFO  no build target found for C:\Parson\frontend\test.scala. Using presentation compiler with project's scala-library version: 3.3.7
2026.04.11 01:50:36 INFO  no build target found for C:\Parson\frontend\test.scala. Using presentation compiler with project's scala-library version: 3.3.7
2026.04.11 01:50:36 INFO  no build target found for C:\Parson\frontend\test.scala. Using presentation compiler with project's scala-library version: 3.3.7
2026.04.11 01:50:37 INFO  no build target found for C:\Parson\frontend\test.scala. Using presentation compiler with project's scala-library version: 3.3.7
2026.04.11 01:50:37 INFO  no build target found for C:\Parson\frontend\test.scala. Using presentation compiler with project's scala-library version: 3.3.7
Apr 11, 2026 1:50:37 AM org.eclipse.lsp4j.jsonrpc.RemoteEndpoint handleCancellation
WARNING: Unmatched cancel notification for request id 90
2026.04.11 01:50:37 INFO  no build target found for C:\Parson\frontend\test.scala. Using presentation compiler with project's scala-library version: 3.3.7
2026.04.11 01:50:37 INFO  no build target found for C:\Parson\frontend\test.scala. Using presentation compiler with project's scala-library version: 3.3.7
2026.04.11 01:50:37 INFO  no build target found for C:\Parson\frontend\test.scala. Using presentation compiler with project's scala-library version: 3.3.7
2026.04.11 01:50:37 INFO  no build target found for C:\Parson\frontend\test.scala. Using presentation compiler with project's scala-library version: 3.3.7
2026.04.11 01:50:37 INFO  no build target found for C:\Parson\frontend\test.scala. Using presentation compiler with project's scala-library version: 3.3.7
2026.04.11 01:50:37 INFO  no build target found for C:\Parson\frontend\test.scala. Using presentation compiler with project's scala-library version: 3.3.7
2026.04.11 01:50:39 INFO  BSP server: Starting compilation server
2026.04.11 01:50:39 INFO  no build target found for C:\Parson\frontend\test.scala. Using presentation compiler with project's scala-library version: 3.3.7
2026.04.11 01:50:39 INFO  no build target found for C:\Parson\frontend\test.scala. Using presentation compiler with project's scala-library version: 3.3.7
2026.04.11 01:50:39 INFO  no build target found for C:\Parson\frontend\test.scala. Using presentation compiler with project's scala-library version: 3.3.7
2026.04.11 01:50:39 INFO  no build target found for C:\Parson\frontend\test.scala. Using presentation compiler with project's scala-library version: 3.3.7
2026.04.11 01:50:39 INFO  no build target found for C:\Parson\frontend\test.scala. Using presentation compiler with project's scala-library version: 3.3.7
2026.04.11 01:50:40 INFO  no build target found for C:\Parson\frontend\test.scala. Using presentation compiler with project's scala-library version: 3.3.7
2026.04.11 01:50:40 INFO  no build target found for C:\Parson\frontend\test.scala. Using presentation compiler with project's scala-library version: 3.3.7
2026.04.11 01:50:40 INFO  no build target found for C:\Parson\frontend\test.scala. Using presentation compiler with project's scala-library version: 3.3.7
2026.04.11 01:50:40 INFO  no build target found for C:\Parson\frontend\test.scala. Using presentation compiler with project's scala-library version: 3.3.7
2026.04.11 01:50:40 INFO  no build target found for C:\Parson\frontend\test.scala. Using presentation compiler with project's scala-library version: 3.3.7
2026.04.11 01:50:40 INFO  no build target found for C:\Parson\frontend\test.scala. Using presentation compiler with project's scala-library version: 3.3.7
2026.04.11 01:50:40 INFO  no build target found for C:\Parson\frontend\test.scala. Using presentation compiler with project's scala-library version: 3.3.7
Apr 11, 2026 1:50:41 AM org.eclipse.lsp4j.jsonrpc.RemoteEndpoint handleCancellation
WARNING: Unmatched cancel notification for request id 130
Apr 11, 2026 1:50:41 AM org.eclipse.lsp4j.jsonrpc.RemoteEndpoint handleCancellation
WARNING: Unmatched cancel notification for request id 131
2026.04.11 01:50:40 INFO  no build target found for C:\Parson\frontend\test.scala. Using presentation compiler with project's scala-library version: 3.3.7
2026.04.11 01:50:41 INFO  no build target found for C:\Parson\frontend\test.scala. Using presentation compiler with project's scala-library version: 3.3.7
2026.04.11 01:50:41 INFO  no build target found for C:\Parson\frontend\test.scala. Using presentation compiler with project's scala-library version: 3.3.7
2026.04.11 01:50:41 INFO  no build target found for C:\Parson\frontend\test.scala. Using presentation compiler with project's scala-library version: 3.3.7
2026.04.11 01:50:42 INFO  no build target found for C:\Parson\frontend\test.scala. Using presentation compiler with project's scala-library version: 3.3.7
2026.04.11 01:50:43 INFO  no build target found for C:\Parson\frontend\test.scala. Using presentation compiler with project's scala-library version: 3.3.7
2026.04.11 01:50:43 INFO  no build target found for C:\Parson\frontend\test.scala. Using presentation compiler with project's scala-library version: 3.3.7
2026.04.11 01:50:43 INFO  no build target found for C:\Parson\frontend\test.scala. Using presentation compiler with project's scala-library version: 3.3.7
2026.04.11 01:50:43 INFO  no build target found for C:\Parson\frontend\test.scala. Using presentation compiler with project's scala-library version: 3.3.7
2026.04.11 01:50:43 INFO  no build target found for C:\Parson\frontend\test.scala. Using presentation compiler with project's scala-library version: 3.3.7
2026.04.11 01:50:43 INFO  no build target found for C:\Parson\frontend\test.scala. Using presentation compiler with project's scala-library version: 3.3.7
2026.04.11 01:50:43 INFO  no build target found for C:\Parson\frontend\test.scala. Using presentation compiler with project's scala-library version: 3.3.7
2026.04.11 01:50:45 INFO  no build target found for C:\Parson\frontend\test.scala. Using presentation compiler with project's scala-library version: 3.3.7
2026.04.11 01:50:45 INFO  no build target found for C:\Parson\frontend\test.scala. Using presentation compiler with project's scala-library version: 3.3.7
2026.04.11 01:50:45 INFO  no build target found for C:\Parson\frontend\test.scala. Using presentation compiler with project's scala-library version: 3.3.7
2026.04.11 01:50:45 INFO  no build target found for C:\Parson\frontend\test.scala. Using presentation compiler with project's scala-library version: 3.3.7
Apr 11, 2026 1:50:45 AM org.eclipse.lsp4j.jsonrpc.RemoteEndpoint handleCancellation
WARNING: Unmatched cancel notification for request id 166
2026.04.11 01:50:45 INFO  no build target found for C:\Parson\frontend\test.scala. Using presentation compiler with project's scala-library version: 3.3.7
2026.04.11 01:50:45 INFO  no build target found for C:\Parson\frontend\test.scala. Using presentation compiler with project's scala-library version: 3.3.7
2026.04.11 01:50:45 INFO  no build target found for C:\Parson\frontend\test.scala. Using presentation compiler with project's scala-library version: 3.3.7
2026.04.11 01:50:46 INFO  no build target found for C:\Parson\frontend\test.scala. Using presentation compiler with project's scala-library version: 3.3.7
2026.04.11 01:50:46 INFO  no build target found for C:\Parson\frontend\test.scala. Using presentation compiler with project's scala-library version: 3.3.7
2026.04.11 01:50:46 INFO  no build target found for C:\Parson\frontend\test.scala. Using presentation compiler with project's scala-library version: 3.3.7
2026.04.11 01:50:46 INFO  no build target found for C:\Parson\frontend\test.scala. Using presentation compiler with project's scala-library version: 3.3.7
2026.04.11 01:50:47 INFO  time: Connected to build server in 11s
2026.04.11 01:50:47 INFO  Connected to Build server: scala-cli v1.12.2
2026.04.11 01:50:46 INFO  no build target found for C:\Parson\frontend\test.scala. Using presentation compiler with project's scala-library version: 3.3.7
2026.04.11 01:50:46 INFO  no build target found for C:\Parson\frontend\test.scala. Using presentation compiler with project's scala-library version: 3.3.7
2026.04.11 01:50:47 INFO  no build target found for C:\Parson\frontend\test.scala. Using presentation compiler with project's scala-library version: 3.3.7
2026.04.11 01:50:47 INFO  time: Imported build in 0.25s
2026.04.11 01:50:48 INFO  compiling parson_d5c0a6989e (1 scala source)
2026.04.11 01:50:50 INFO  time: compiled Parson_d5c0a6989e in 2.19s
2026.04.11 01:50:52 WARN  Using H2 2.4.240 which is newer than the version Flyway has been verified with. The latest verified version of H2 is 2.3.232.
2026.04.11 01:50:54 INFO  time: indexed workspace in 7.14s
Apr 11, 2026 1:51:05 AM org.eclipse.lsp4j.jsonrpc.RemoteEndpoint handleCancellation
WARNING: Unmatched cancel notification for request id 328
Apr 11, 2026 1:51:05 AM org.eclipse.lsp4j.jsonrpc.RemoteEndpoint handleCancellation
WARNING: Unmatched cancel notification for request id 333
2026.04.11 01:51:12 INFO  compiling parson_d5c0a6989e (1 scala source)
2026.04.11 01:51:14 INFO  time: compiled Parson_d5c0a6989e in 1.94s
2026.04.11 01:52:38 INFO  compiling parson_d5c0a6989e (1 scala source)
2026.04.11 01:52:38 INFO  time: compiled Parson_d5c0a6989e in 0.5s
2026.04.11 01:52:58 WARN  Could not find semantic tokens for: file:///C:/Parson/frontend/test.scala
2026.04.11 01:53:03 INFO  Cancelling compilation on scala-cli server
2026.04.11 01:53:05 INFO  Shutting down server
2026.04.11 01:53:05 INFO  Memory monitor stopped
2026.04.11 01:53:05 INFO  shutting down Metals
2026.04.11 01:53:05 INFO  Shut down connection with build server.
2026.04.11 01:53:05 INFO  Exiting server
2026.04.28 13:46:22 INFO  Started: Metals version 1.6.7 in folders 'C:\Parson' for client Visual Studio Code 1.117.0.
2026.04.28 13:46:22 INFO  time: initialize in 0.2s
2026.04.28 13:46:22 INFO  Memory monitor started
2026.04.28 13:46:30 WARN  Using H2 2.4.240 which is newer than the version Flyway has been verified with. The latest verified version of H2 is 2.3.232.
2026.04.28 13:46:33 INFO  Attempting to connect to the build server...
2026.04.28 13:46:33 INFO  Running BSP server List(C:\Users\Asus\AppData\Local\Coursier\data\bin\.scala-cli.aux.exe, bsp, --json-options, C:\Parson\.scala-build\ide-options-v2.json, --json-launcher-options, C:\Parson\.scala-build\ide-launcher-options.json, --envs-file, C:\Parson\.scala-build\ide-envs.json, C:\Parson)
2026.04.28 13:46:34 INFO  tracing is disabled for protocol BSP, to enable tracing of incoming and outgoing JSON messages create an empty file at C:\Parson\.metals\bsp.trace.json or C:\Users\Asus\AppData\Local\scalameta\metals\cache\bsp.trace.json
2026.04.28 13:46:46 INFO  BSP server: Starting compilation server
2026.04.28 13:47:02 INFO  time: Connected to build server in 29s
2026.04.28 13:47:02 INFO  Connected to Build server: scala-cli v1.12.2
2026.04.28 13:47:03 INFO  time: Imported build in 0.7s
2026.04.28 13:47:12 WARN  Using H2 2.4.240 which is newer than the version Flyway has been verified with. The latest verified version of H2 is 2.3.232.
2026.04.28 13:47:13 INFO  time: indexed workspace in 10s
Apr 28, 2026 1:47:53 PM org.eclipse.lsp4j.jsonrpc.services.GenericEndpoint notify
INFO: Unsupported notification method: $/setTrace
Apr 28, 2026 1:47:54 PM org.eclipse.lsp4j.jsonrpc.services.GenericEndpoint notify
INFO: Unsupported notification method: $/setTrace
Apr 28, 2026 1:47:54 PM org.eclipse.lsp4j.jsonrpc.services.GenericEndpoint notify
INFO: Unsupported notification method: $/setTrace
Apr 28, 2026 1:47:54 PM org.eclipse.lsp4j.jsonrpc.services.GenericEndpoint notify
INFO: Unsupported notification method: $/setTrace
Apr 28, 2026 1:47:54 PM org.eclipse.lsp4j.jsonrpc.services.GenericEndpoint notify
INFO: Unsupported notification method: $/setTrace
Apr 28, 2026 1:47:54 PM org.eclipse.lsp4j.jsonrpc.services.GenericEndpoint notify
INFO: Unsupported notification method: $/setTrace
Apr 28, 2026 1:47:55 PM org.eclipse.lsp4j.jsonrpc.services.GenericEndpoint notify
INFO: Unsupported notification method: $/setTrace
Apr 28, 2026 1:48:33 PM org.eclipse.lsp4j.jsonrpc.services.GenericEndpoint notify
INFO: Unsupported notification method: $/setTrace
Apr 28, 2026 1:49:09 PM org.eclipse.lsp4j.jsonrpc.services.GenericEndpoint notify
INFO: Unsupported notification method: $/setTrace
Apr 28, 2026 1:49:09 PM org.eclipse.lsp4j.jsonrpc.services.GenericEndpoint notify
INFO: Unsupported notification method: $/setTrace
Apr 28, 2026 1:49:20 PM org.eclipse.lsp4j.jsonrpc.services.GenericEndpoint notify
INFO: Unsupported notification method: $/setTrace
Apr 28, 2026 1:49:29 PM org.eclipse.lsp4j.jsonrpc.services.GenericEndpoint notify
INFO: Unsupported notification method: $/setTrace
Apr 28, 2026 1:49:29 PM org.eclipse.lsp4j.jsonrpc.services.GenericEndpoint notify
INFO: Unsupported notification method: $/setTrace
Apr 28, 2026 1:50:17 PM org.eclipse.lsp4j.jsonrpc.services.GenericEndpoint notify
INFO: Unsupported notification method: $/setTrace
Apr 28, 2026 1:50:17 PM org.eclipse.lsp4j.jsonrpc.services.GenericEndpoint notify
INFO: Unsupported notification method: $/setTrace
Apr 28, 2026 1:50:55 PM org.eclipse.lsp4j.jsonrpc.services.GenericEndpoint notify
INFO: Unsupported notification method: $/setTrace
Apr 28, 2026 1:50:55 PM org.eclipse.lsp4j.jsonrpc.services.GenericEndpoint notify
INFO: Unsupported notification method: $/setTrace
Apr 28, 2026 1:50:55 PM org.eclipse.lsp4j.jsonrpc.services.GenericEndpoint notify
INFO: Unsupported notification method: $/setTrace
Apr 28, 2026 1:50:55 PM org.eclipse.lsp4j.jsonrpc.services.GenericEndpoint notify
INFO: Unsupported notification method: $/setTrace
Apr 28, 2026 1:50:55 PM org.eclipse.lsp4j.jsonrpc.services.GenericEndpoint notify
INFO: Unsupported notification method: $/setTrace
Apr 28, 2026 1:50:55 PM org.eclipse.lsp4j.jsonrpc.services.GenericEndpoint notify
INFO: Unsupported notification method: $/setTrace
2026.04.28 13:50:55 INFO  Shutting down server
2026.04.28 13:50:55 INFO  Memory monitor stopped
2026.04.28 13:50:55 INFO  shutting down Metals
2026.04.28 13:50:55 INFO  Shut down connection with build server.
2026.04.28 13:50:55 INFO  Exiting server
2026.04.28 13:51:26 INFO  Started: Metals version 1.6.7 in folders 'C:\Parson' for client Visual Studio Code 1.117.0.
2026.04.28 13:51:26 INFO  Memory monitor started
2026.04.28 13:51:30 WARN  Using H2 2.4.240 which is newer than the version Flyway has been verified with. The latest verified version of H2 is 2.3.232.
2026.04.28 13:51:30 INFO  Attempting to connect to the build server...
2026.04.28 13:51:30 INFO  Running BSP server List(C:\Users\Asus\AppData\Local\Coursier\data\bin\.scala-cli.aux.exe, bsp, --json-options, C:\Parson\.scala-build\ide-options-v2.json, --json-launcher-options, C:\Parson\.scala-build\ide-launcher-options.json, --envs-file, C:\Parson\.scala-build\ide-envs.json, C:\Parson)
2026.04.28 13:51:31 INFO  tracing is disabled for protocol BSP, to enable tracing of incoming and outgoing JSON messages create an empty file at C:\Parson\.metals\bsp.trace.json or C:\Users\Asus\AppData\Local\scalameta\metals\cache\bsp.trace.json
2026.04.28 13:51:39 INFO  time: Connected to build server in 8.67s
2026.04.28 13:51:39 INFO  Connected to Build server: scala-cli v1.12.2
2026.04.28 13:51:39 INFO  time: Imported build in 0.13s
2026.04.28 13:51:44 WARN  Using H2 2.4.240 which is newer than the version Flyway has been verified with. The latest verified version of H2 is 2.3.232.
2026.04.28 13:51:45 INFO  time: indexed workspace in 6.04s
Apr 28, 2026 1:52:04 PM org.eclipse.lsp4j.jsonrpc.services.GenericEndpoint notify
INFO: Unsupported notification method: $/setTrace
Apr 28, 2026 1:52:04 PM org.eclipse.lsp4j.jsonrpc.services.GenericEndpoint notify
INFO: Unsupported notification method: $/setTrace
Apr 28, 2026 2:13:53 PM org.eclipse.lsp4j.jsonrpc.services.GenericEndpoint notify
INFO: Unsupported notification method: $/setTrace
Apr 28, 2026 2:13:53 PM org.eclipse.lsp4j.jsonrpc.services.GenericEndpoint notify
INFO: Unsupported notification method: $/setTrace
Apr 28, 2026 2:22:58 PM org.eclipse.lsp4j.jsonrpc.services.GenericEndpoint notify
INFO: Unsupported notification method: $/setTrace
Apr 28, 2026 2:22:58 PM org.eclipse.lsp4j.jsonrpc.services.GenericEndpoint notify
INFO: Unsupported notification method: $/setTrace
Apr 28, 2026 2:47:20 PM org.eclipse.lsp4j.jsonrpc.services.GenericEndpoint notify
INFO: Unsupported notification method: $/setTrace
Apr 28, 2026 2:47:20 PM org.eclipse.lsp4j.jsonrpc.services.GenericEndpoint notify
INFO: Unsupported notification method: $/setTrace
Apr 28, 2026 3:04:22 PM org.eclipse.lsp4j.jsonrpc.services.GenericEndpoint notify
INFO: Unsupported notification method: $/setTrace
Apr 28, 2026 3:04:22 PM org.eclipse.lsp4j.jsonrpc.services.GenericEndpoint notify
INFO: Unsupported notification method: $/setTrace
Apr 28, 2026 3:07:44 PM org.eclipse.lsp4j.jsonrpc.services.GenericEndpoint notify
INFO: Unsupported notification method: $/setTrace
Apr 28, 2026 3:07:44 PM org.eclipse.lsp4j.jsonrpc.services.GenericEndpoint notify
INFO: Unsupported notification method: $/setTrace
Apr 28, 2026 3:20:33 PM org.eclipse.lsp4j.jsonrpc.services.GenericEndpoint notify
INFO: Unsupported notification method: $/setTrace
Apr 28, 2026 3:20:33 PM org.eclipse.lsp4j.jsonrpc.services.GenericEndpoint notify
INFO: Unsupported notification method: $/setTrace
Apr 28, 2026 3:39:30 PM org.eclipse.lsp4j.jsonrpc.services.GenericEndpoint notify
INFO: Unsupported notification method: $/setTrace
Apr 28, 2026 3:39:30 PM org.eclipse.lsp4j.jsonrpc.services.GenericEndpoint notify
INFO: Unsupported notification method: $/setTrace
Apr 28, 2026 4:29:11 PM org.eclipse.lsp4j.jsonrpc.services.GenericEndpoint notify
INFO: Unsupported notification method: $/setTrace
Apr 28, 2026 4:29:11 PM org.eclipse.lsp4j.jsonrpc.services.GenericEndpoint notify
INFO: Unsupported notification method: $/setTrace
Apr 28, 2026 4:36:07 PM org.eclipse.lsp4j.jsonrpc.services.GenericEndpoint notify
INFO: Unsupported notification method: $/setTrace
Apr 28, 2026 4:36:07 PM org.eclipse.lsp4j.jsonrpc.services.GenericEndpoint notify
INFO: Unsupported notification method: $/setTrace
Apr 29, 2026 1:47:35 AM org.eclipse.lsp4j.jsonrpc.services.GenericEndpoint notify
INFO: Unsupported notification method: $/setTrace
Apr 29, 2026 1:47:35 AM org.eclipse.lsp4j.jsonrpc.services.GenericEndpoint notify
INFO: Unsupported notification method: $/setTrace
Apr 29, 2026 1:47:36 AM org.eclipse.lsp4j.jsonrpc.services.GenericEndpoint notify
INFO: Unsupported notification method: $/setTrace
Apr 29, 2026 1:47:36 AM org.eclipse.lsp4j.jsonrpc.services.GenericEndpoint notify
INFO: Unsupported notification method: $/setTrace
Apr 29, 2026 1:47:36 AM org.eclipse.lsp4j.jsonrpc.services.GenericEndpoint notify
INFO: Unsupported notification method: $/setTrace
Apr 29, 2026 1:47:36 AM org.eclipse.lsp4j.jsonrpc.services.GenericEndpoint notify
INFO: Unsupported notification method: $/setTrace
Apr 29, 2026 1:47:36 AM org.eclipse.lsp4j.jsonrpc.services.GenericEndpoint notify
INFO: Unsupported notification method: $/setTrace
Apr 29, 2026 1:47:36 AM org.eclipse.lsp4j.jsonrpc.services.GenericEndpoint notify
INFO: Unsupported notification method: $/setTrace
Apr 29, 2026 1:47:36 AM org.eclipse.lsp4j.jsonrpc.services.GenericEndpoint notify
INFO: Unsupported notification method: $/setTrace
Apr 29, 2026 1:47:36 AM org.eclipse.lsp4j.jsonrpc.services.GenericEndpoint notify
INFO: Unsupported notification method: $/setTrace
Apr 29, 2026 1:47:36 AM org.eclipse.lsp4j.jsonrpc.services.GenericEndpoint notify
INFO: Unsupported notification method: $/setTrace
Apr 29, 2026 1:47:36 AM org.eclipse.lsp4j.jsonrpc.services.GenericEndpoint notify
INFO: Unsupported notification method: $/setTrace
Apr 29, 2026 1:47:36 AM org.eclipse.lsp4j.jsonrpc.services.GenericEndpoint notify
INFO: Unsupported notification method: $/setTrace
Apr 29, 2026 1:47:36 AM org.eclipse.lsp4j.jsonrpc.services.GenericEndpoint notify
INFO: Unsupported notification method: $/setTrace
Apr 29, 2026 1:47:36 AM org.eclipse.lsp4j.jsonrpc.services.GenericEndpoint notify
INFO: Unsupported notification method: $/setTrace
Apr 29, 2026 1:47:36 AM org.eclipse.lsp4j.jsonrpc.services.GenericEndpoint notify
INFO: Unsupported notification method: $/setTrace
Apr 29, 2026 1:47:36 AM org.eclipse.lsp4j.jsonrpc.services.GenericEndpoint notify
INFO: Unsupported notification method: $/setTrace
Apr 29, 2026 1:47:36 AM org.eclipse.lsp4j.jsonrpc.services.GenericEndpoint notify
INFO: Unsupported notification method: $/setTrace
Apr 29, 2026 1:47:36 AM org.eclipse.lsp4j.jsonrpc.services.GenericEndpoint notify
INFO: Unsupported notification method: $/setTrace
Apr 29, 2026 1:47:36 AM org.eclipse.lsp4j.jsonrpc.services.GenericEndpoint notify
INFO: Unsupported notification method: $/setTrace
Apr 29, 2026 1:47:36 AM org.eclipse.lsp4j.jsonrpc.services.GenericEndpoint notify
INFO: Unsupported notification method: $/setTrace
2026.04.29 01:47:36 INFO  Shutting down server
2026.04.29 01:47:36 INFO  Memory monitor stopped
2026.04.29 01:47:36 INFO  shutting down Metals
2026.04.29 01:47:37 INFO  Shut down connection with build server.
2026.04.29 01:47:36 INFO  Exiting server
2026.05.09 14:55:40 INFO  Started: Metals version 1.6.7 in folders 'C:\Parson' for client Visual Studio Code 1.117.0.
2026.05.09 14:55:40 INFO  Memory monitor started
2026.05.09 14:55:47 WARN  Using H2 2.4.240 which is newer than the version Flyway has been verified with. The latest verified version of H2 is 2.3.232.
2026.05.09 14:55:50 INFO  Attempting to connect to the build server...
2026.05.09 14:55:50 INFO  Running BSP server List(C:\Users\Asus\AppData\Local\Coursier\data\bin\.scala-cli.aux.exe, bsp, --json-options, C:\Parson\.scala-build\ide-options-v2.json, --json-launcher-options, C:\Parson\.scala-build\ide-launcher-options.json, --envs-file, C:\Parson\.scala-build\ide-envs.json, C:\Parson)
2026.05.09 14:55:51 INFO  tracing is disabled for protocol BSP, to enable tracing of incoming and outgoing JSON messages create an empty file at C:\Parson\.metals\bsp.trace.json or C:\Users\Asus\AppData\Local\scalameta\metals\cache\bsp.trace.json
2026.05.09 14:56:00 INFO  BSP server: Starting compilation server
2026.05.09 14:56:16 INFO  time: Connected to build server in 25s
2026.05.09 14:56:16 INFO  Connected to Build server: scala-cli v1.12.2
2026.05.09 14:56:16 INFO  time: Imported build in 0.22s
2026.05.09 14:56:25 WARN  Using H2 2.4.240 which is newer than the version Flyway has been verified with. The latest verified version of H2 is 2.3.232.
2026.05.09 14:56:26 INFO  time: indexed workspace in 10s
2026.05.09 18:16:52 INFO  Shutting down server
2026.05.09 18:16:52 INFO  Memory monitor stopped
2026.05.09 18:16:52 INFO  shutting down Metals
2026.05.09 18:16:52 INFO  Shut down connection with build server.
2026.05.09 18:16:52 INFO  Exiting server
2026.05.09 18:17:12 INFO  Started: Metals version 1.6.7 in folders 'C:\Parson' for client Visual Studio Code 1.119.0.
2026.05.09 18:17:12 INFO  Memory monitor started
2026.05.09 18:17:14 WARN  Using H2 2.4.240 which is newer than the version Flyway has been verified with. The latest verified version of H2 is 2.3.232.
2026.05.09 18:17:15 INFO  Attempting to connect to the build server...
2026.05.09 18:17:15 INFO  Running BSP server List(C:\Users\Asus\AppData\Local\Coursier\data\bin\.scala-cli.aux.exe, bsp, --json-options, C:\Parson\.scala-build\ide-options-v2.json, --json-launcher-options, C:\Parson\.scala-build\ide-launcher-options.json, --envs-file, C:\Parson\.scala-build\ide-envs.json, C:\Parson)
2026.05.09 18:17:15 INFO  tracing is disabled for protocol BSP, to enable tracing of incoming and outgoing JSON messages create an empty file at C:\Parson\.metals\bsp.trace.json or C:\Users\Asus\AppData\Local\scalameta\metals\cache\bsp.trace.json
2026.05.09 18:17:22 INFO  time: Connected to build server in 6.87s
2026.05.09 18:17:22 INFO  Connected to Build server: scala-cli v1.12.2
2026.05.09 18:17:26 WARN  Using H2 2.4.240 which is newer than the version Flyway has been verified with. The latest verified version of H2 is 2.3.232.
2026.05.09 18:17:27 INFO  time: indexed workspace in 5.21s
May 09, 2026 10:30:58 PM org.eclipse.lsp4j.jsonrpc.services.GenericEndpoint notify
INFO: Unsupported notification method: $/setTrace
May 09, 2026 10:30:58 PM org.eclipse.lsp4j.jsonrpc.services.GenericEndpoint notify
INFO: Unsupported notification method: $/setTrace
May 09, 2026 10:31:21 PM org.eclipse.lsp4j.jsonrpc.services.GenericEndpoint notify
INFO: Unsupported notification method: $/setTrace
May 09, 2026 10:31:21 PM org.eclipse.lsp4j.jsonrpc.services.GenericEndpoint notify
INFO: Unsupported notification method: $/setTrace
2026.05.09 22:37:57 INFO  Shutting down server
2026.05.09 22:37:57 INFO  Memory monitor stopped
2026.05.09 22:37:57 INFO  shutting down Metals
2026.05.09 22:37:57 INFO  Shut down connection with build server.
2026.05.09 22:37:57 INFO  Exiting server
2026.05.10 11:49:02 INFO  Started: Metals version 1.6.7 in folders 'C:\Parson' for client Visual Studio Code 1.119.0.
2026.05.10 11:49:02 INFO  Memory monitor started
2026.05.10 11:49:05 WARN  Using H2 2.4.240 which is newer than the version Flyway has been verified with. The latest verified version of H2 is 2.3.232.
2026.05.10 11:49:06 INFO  Attempting to connect to the build server...
2026.05.10 11:49:06 INFO  Running BSP server List(C:\Users\Asus\AppData\Local\Coursier\data\bin\.scala-cli.aux.exe, bsp, --json-options, C:\Parson\.scala-build\ide-options-v2.json, --json-launcher-options, C:\Parson\.scala-build\ide-launcher-options.json, --envs-file, C:\Parson\.scala-build\ide-envs.json, C:\Parson)
2026.05.10 11:49:07 INFO  tracing is disabled for protocol BSP, to enable tracing of incoming and outgoing JSON messages create an empty file at C:\Parson\.metals\bsp.trace.json or C:\Users\Asus\AppData\Local\scalameta\metals\cache\bsp.trace.json
2026.05.10 11:49:10 INFO  BSP server: Starting compilation server
2026.05.10 11:49:28 INFO  time: Connected to build server in 21s
2026.05.10 11:49:28 INFO  Connected to Build server: scala-cli v1.12.2
2026.05.10 11:49:28 INFO  time: Imported build in 0.22s
2026.05.10 11:49:33 WARN  Using H2 2.4.240 which is newer than the version Flyway has been verified with. The latest verified version of H2 is 2.3.232.
2026.05.10 11:49:34 INFO  time: indexed workspace in 6.01s
May 10, 2026 11:58:37 AM org.eclipse.lsp4j.jsonrpc.services.GenericEndpoint notify
INFO: Unsupported notification method: $/setTrace
May 10, 2026 12:29:48 PM org.eclipse.lsp4j.jsonrpc.services.GenericEndpoint notify
INFO: Unsupported notification method: $/setTrace
May 10, 2026 12:29:48 PM org.eclipse.lsp4j.jsonrpc.services.GenericEndpoint notify
INFO: Unsupported notification method: $/setTrace
May 10, 2026 12:32:39 PM org.eclipse.lsp4j.jsonrpc.services.GenericEndpoint notify
INFO: Unsupported notification method: $/setTrace
May 10, 2026 12:32:39 PM org.eclipse.lsp4j.jsonrpc.services.GenericEndpoint notify
INFO: Unsupported notification method: $/setTrace
May 10, 2026 2:29:34 PM org.eclipse.lsp4j.jsonrpc.services.GenericEndpoint notify
INFO: Unsupported notification method: $/setTrace
May 10, 2026 2:55:08 PM org.eclipse.lsp4j.jsonrpc.services.GenericEndpoint notify
INFO: Unsupported notification method: $/setTrace
May 10, 2026 4:41:08 PM org.eclipse.lsp4j.jsonrpc.services.GenericEndpoint notify
INFO: Unsupported notification method: $/setTrace
2026.05.10 19:02:51 INFO  Shutting down server
2026.05.10 19:02:51 INFO  Memory monitor stopped
2026.05.10 19:02:51 INFO  shutting down Metals
2026.05.10 19:02:51 INFO  Shut down connection with build server.
2026.05.10 19:02:51 INFO  Exiting server
2026.05.10 19:05:17 INFO  Started: Metals version 1.6.7 in folders 'C:\Parson' for client Visual Studio Code 1.119.0.
2026.05.10 19:05:17 INFO  time: initialize in 0.2s
2026.05.10 19:05:17 INFO  Memory monitor started
2026.05.10 19:05:22 WARN  Using H2 2.4.240 which is newer than the version Flyway has been verified with. The latest verified version of H2 is 2.3.232.
2026.05.10 19:05:25 INFO  Attempting to connect to the build server...
2026.05.10 19:05:26 INFO  Running BSP server List(C:\Users\Asus\AppData\Local\Coursier\data\bin\.scala-cli.aux.exe, bsp, --json-options, C:\Parson\.scala-build\ide-options-v2.json, --json-launcher-options, C:\Parson\.scala-build\ide-launcher-options.json, --envs-file, C:\Parson\.scala-build\ide-envs.json, C:\Parson)
2026.05.10 19:05:27 INFO  tracing is disabled for protocol BSP, to enable tracing of incoming and outgoing JSON messages create an empty file at C:\Parson\.metals\bsp.trace.json or C:\Users\Asus\AppData\Local\scalameta\metals\cache\bsp.trace.json
2026.05.10 19:05:56 INFO  time: Connected to build server in 30s
2026.05.10 19:05:56 INFO  Connected to Build server: scala-cli v1.12.2
2026.05.10 19:05:56 INFO  time: Imported build in 0.19s
2026.05.10 19:06:01 WARN  Using H2 2.4.240 which is newer than the version Flyway has been verified with. The latest verified version of H2 is 2.3.232.
2026.05.10 19:06:01 INFO  time: indexed workspace in 6.32s
